<html>
<body>
<pre>
<h1>µVision Build Log</h1>
<h2>Tool Versions:</h2>
IDE-Version: µVision V5.33.0.0
Copyright (C) 2020 ARM Ltd and ARM Germany GmbH. All rights reserved.
License Information: 1 2, 3, LIC=----
 
Tool Versions:
Toolchain:       MDK-Lite  Version: 5.33.0.0
Toolchain Path:  C:\Keil_v5\ARM\ARMCC\Bin
C Compiler:      Armcc.exe V5.06 update 7 (build 960)
Assembler:       Armasm.exe V5.06 update 7 (build 960)
Linker/Locator:  ArmLink.exe V5.06 update 7 (build 960)
Library Manager: ArmAr.exe V5.06 update 7 (build 960)
Hex Converter:   FromElf.exe V5.06 update 7 (build 960)
CPU DLL:         SARMCM3.DLL V5.33.0.0
Dialog DLL:      DCM.DLL V1.17.3.0
Target DLL:      STLink\ST-LINKIII-KEIL_SWO.dll V3.0.8.0
Dialog DLL:      TCM.DLL V1.48.0.0
 
<h2>Project:</h2>
D:\github\STM32F1\2.TH\keypad\MDK-ARM\keypad.uvprojx
Project File Date:  12/04/2022

<h2>Output:</h2>
*** Using Compiler 'V5.06 update 7 (build 960)', folder: 'C:\Keil_v5\ARM\ARMCC\Bin'
Build target 'keypad'
compiling main.c...
../Core/Src/main.c(91): warning:  #188-D: enumerated type mixed with another type
  HAL_GPIO_WritePin(GPIOA, GPIO_PIN_15, 1);
../Core/Src/main.c(92): warning:  #188-D: enumerated type mixed with another type
    HAL_GPIO_WritePin(GPIOB, GPIO_PIN_3, 1);
../Core/Src/main.c(93): warning:  #188-D: enumerated type mixed with another type
    HAL_GPIO_WritePin(GPIOB, GPIO_PIN_4, 1);
../Core/Src/main.c(94): warning:  #188-D: enumerated type mixed with another type
    HAL_GPIO_WritePin(GPIOB, GPIO_PIN_5, 1);
../Core/Src/main.c(189): warning:  #188-D: enumerated type mixed with another type
      HAL_GPIO_WritePin(GPIOA, GPIO_PIN_15, 1);
../Core/Src/main.c(190): warning:  #188-D: enumerated type mixed with another type
      HAL_GPIO_WritePin(GPIOB, GPIO_PIN_3, 0);
../Core/Src/main.c(191): warning:  #188-D: enumerated type mixed with another type
      HAL_GPIO_WritePin(GPIOB, GPIO_PIN_4, 0);
../Core/Src/main.c(192): warning:  #188-D: enumerated type mixed with another type
      HAL_GPIO_WritePin(GPIOB, GPIO_PIN_5, 0);
../Core/Src/main.c(210): warning:  #188-D: enumerated type mixed with another type
      HAL_GPIO_WritePin(GPIOA, GPIO_PIN_15, 0);
../Core/Src/main.c(211): warning:  #188-D: enumerated type mixed with another type
      HAL_GPIO_WritePin(GPIOB, GPIO_PIN_3, 1);
../Core/Src/main.c(212): warning:  #188-D: enumerated type mixed with another type
      HAL_GPIO_WritePin(GPIOB, GPIO_PIN_4, 0);
../Core/Src/main.c(213): warning:  #188-D: enumerated type mixed with another type
      HAL_GPIO_WritePin(GPIOB, GPIO_PIN_5, 0);
../Core/Src/main.c(231): warning:  #188-D: enumerated type mixed with another type
      HAL_GPIO_WritePin(GPIOA, GPIO_PIN_15, 0);
../Core/Src/main.c(232): warning:  #188-D: enumerated type mixed with another type
      HAL_GPIO_WritePin(GPIOB, GPIO_PIN_3, 0);
../Core/Src/main.c(233): warning:  #188-D: enumerated type mixed with another type
      HAL_GPIO_WritePin(GPIOB, GPIO_PIN_4, 1);
../Core/Src/main.c(234): warning:  #188-D: enumerated type mixed with another type
      HAL_GPIO_WritePin(GPIOB, GPIO_PIN_5, 0);
../Core/Src/main.c(252): warning:  #188-D: enumerated type mixed with another type
      HAL_GPIO_WritePin(GPIOA, GPIO_PIN_15, 0);
../Core/Src/main.c(253): warning:  #188-D: enumerated type mixed with another type
      HAL_GPIO_WritePin(GPIOB, GPIO_PIN_3, 0);
../Core/Src/main.c(254): warning:  #188-D: enumerated type mixed with another type
      HAL_GPIO_WritePin(GPIOB, GPIO_PIN_4, 0);
../Core/Src/main.c(255): warning:  #188-D: enumerated type mixed with another type
      HAL_GPIO_WritePin(GPIOB, GPIO_PIN_5, 1);
../Core/Src/main.c(273): warning:  #188-D: enumerated type mixed with another type
      HAL_GPIO_WritePin(GPIOA, GPIO_PIN_15, 1);
../Core/Src/main.c(274): warning:  #188-D: enumerated type mixed with another type
      HAL_GPIO_WritePin(GPIOB, GPIO_PIN_3, 1);
../Core/Src/main.c(275): warning:  #188-D: enumerated type mixed with another type
      HAL_GPIO_WritePin(GPIOB, GPIO_PIN_4, 1);
../Core/Src/main.c(276): warning:  #188-D: enumerated type mixed with another type
      HAL_GPIO_WritePin(GPIOB, GPIO_PIN_5, 1);
../Core/Src/main.c: 24 warnings, 0 errors
linking...
Program Size: Code=3480 RO-data=284 RW-data=28 ZI-data=1652  
FromELF: creating hex file...
"keypad\keypad.axf" - 0 Error(s), 24 Warning(s).

<h2>Software Packages used:</h2>

Package Vendor: ARM
                http://www.keil.com/pack/ARM.CMSIS.5.7.0.pack
                ARM.CMSIS.5.7.0
                CMSIS (Cortex Microcontroller Software Interface Standard)
   * Component: CORE Version: 5.4.0

Package Vendor: Keil
                http://www.keil.com/pack/Keil.STM32F1xx_DFP.2.3.0.pack
                Keil.STM32F1xx_DFP.2.3.0
                STMicroelectronics STM32F1 Series Device Support, Drivers and Examples

<h2>Collection of Component include folders:</h2>
  .\RTE\_keypad
  C:\Users\trinh\AppData\Local\Arm\Packs\ARM\CMSIS\5.7.0\CMSIS\Core\Include
  C:\Users\trinh\AppData\Local\Arm\Packs\Keil\STM32F1xx_DFP\2.3.0\Device\Include

<h2>Collection of Component Files used:</h2>

   * Component: ARM::CMSIS:CORE:5.4.0
      Include file:  CMSIS\Core\Include\tz_context.h
Build Time Elapsed:  00:00:02
</pre>
</body>
</html>
