<html>
<body>
<pre>
<h1>µVision Build Log</h1>
<h2>Tool Versions:</h2>
IDE-Version: µVision V5.33.0.0
Copyright (C) 2020 ARM Ltd and ARM Germany GmbH. All rights reserved.
License Information: 1 2, 3, LIC=----
 
Tool Versions:
Toolchain:       MDK-Lite  Version: 5.33.0.0
Toolchain Path:  C:\Keil_v5\ARM\ARMCC\Bin
C Compiler:      Armcc.exe V5.06 update 7 (build 960)
Assembler:       Armasm.exe V5.06 update 7 (build 960)
Linker/Locator:  ArmLink.exe V5.06 update 7 (build 960)
Library Manager: ArmAr.exe V5.06 update 7 (build 960)
Hex Converter:   FromElf.exe V5.06 update 7 (build 960)
CPU DLL:         SARMCM3.DLL V5.33.0.0
Dialog DLL:      DCM.DLL V1.17.3.0
Target DLL:      STLink\ST-LINKIII-KEIL_SWO.dll V3.0.8.0
Dialog DLL:      TCM.DLL V1.48.0.0
 
<h2>Project:</h2>
D:\github\STM32F1\2.TH\DHT11\MDK-ARM\DHT11.uvprojx
Project File Date:  12/04/2022

<h2>Output:</h2>
*** Using Compiler 'V5.06 update 7 (build 960)', folder: 'C:\Keil_v5\ARM\ARMCC\Bin'
Rebuild target 'DHT11'
assembling startup_stm32f103xb.s...
compiling stm32f1xx_hal_gpio_ex.c...
compiling stm32f1xx_hal_msp.c...
compiling stm32f1xx_it.c...
compiling main.c...
../Core/Src/main.c(81): warning:  #188-D: enumerated type mixed with another type
    HAL_GPIO_WritePin (DHT11_PORT, DHT11_PIN, 0);   // pull the pin low
../Core/Src/main.c(83): warning:  #188-D: enumerated type mixed with another type
    HAL_GPIO_WritePin (DHT11_PORT, DHT11_PIN, 1);   // pull the pin high
../Core/Src/main.c(185): warning:  #188-D: enumerated type mixed with another type
          HAL_GPIO_WritePin(GPIOA, GPIO_PIN_7, 1);
../Core/Src/main.c(186): warning:  #188-D: enumerated type mixed with another type
          HAL_GPIO_WritePin(GPIOA, GPIO_PIN_4, 0);
../Core/Src/main.c(187): warning:  #188-D: enumerated type mixed with another type
          HAL_GPIO_WritePin(GPIOA, GPIO_PIN_1, 0);
../Core/Src/main.c(191): warning:  #188-D: enumerated type mixed with another type
          HAL_GPIO_WritePin(GPIOA, GPIO_PIN_7, 0);
../Core/Src/main.c(192): warning:  #188-D: enumerated type mixed with another type
          HAL_GPIO_WritePin(GPIOA, GPIO_PIN_4, 1);
../Core/Src/main.c(193): warning:  #188-D: enumerated type mixed with another type
          HAL_GPIO_WritePin(GPIOA, GPIO_PIN_1, 0);
../Core/Src/main.c(197): warning:  #188-D: enumerated type mixed with another type
          HAL_GPIO_WritePin(GPIOA, GPIO_PIN_7, 0);
../Core/Src/main.c(198): warning:  #188-D: enumerated type mixed with another type
          HAL_GPIO_WritePin(GPIOA, GPIO_PIN_4, 0);
../Core/Src/main.c(199): warning:  #188-D: enumerated type mixed with another type
          HAL_GPIO_WritePin(GPIOA, GPIO_PIN_1, 1);
../Core/Src/main.c: 11 warnings, 0 errors
compiling stm32f1xx_hal.c...
compiling stm32f1xx_hal_rcc.c...
compiling stm32f1xx_hal_tim_ex.c...
compiling stm32f1xx_hal_tim.c...
compiling stm32f1xx_hal_rcc_ex.c...
compiling stm32f1xx_hal_gpio.c...
compiling stm32f1xx_hal_dma.c...
compiling stm32f1xx_hal_cortex.c...
compiling stm32f1xx_hal_pwr.c...
compiling stm32f1xx_hal_flash.c...
compiling stm32f1xx_hal_flash_ex.c...
compiling stm32f1xx_hal_exti.c...
compiling system_stm32f1xx.c...
linking...
Program Size: Code=6546 RO-data=286 RW-data=44 ZI-data=1708  
FromELF: creating hex file...
"DHT11\DHT11.axf" - 0 Error(s), 11 Warning(s).

<h2>Software Packages used:</h2>

Package Vendor: ARM
                http://www.keil.com/pack/ARM.CMSIS.5.7.0.pack
                ARM.CMSIS.5.7.0
                CMSIS (Cortex Microcontroller Software Interface Standard)
   * Component: CORE Version: 5.4.0

Package Vendor: Keil
                http://www.keil.com/pack/Keil.STM32F1xx_DFP.2.3.0.pack
                Keil.STM32F1xx_DFP.2.3.0
                STMicroelectronics STM32F1 Series Device Support, Drivers and Examples

<h2>Collection of Component include folders:</h2>
  .\RTE\_DHT11
  C:\Users\trinh\AppData\Local\Arm\Packs\ARM\CMSIS\5.7.0\CMSIS\Core\Include
  C:\Users\trinh\AppData\Local\Arm\Packs\Keil\STM32F1xx_DFP\2.3.0\Device\Include

<h2>Collection of Component Files used:</h2>

   * Component: ARM::CMSIS:CORE:5.4.0
      Include file:  CMSIS\Core\Include\tz_context.h
Build Time Elapsed:  00:00:34
</pre>
</body>
</html>
